// Jest Snapshot v1, https://goo.gl/fbAQLP

exports[`codegen codegen 1`] = `
Object {
  "__esModule": true,
  "default": Object {
    "query": "query Films($k: ID!) {
  film(id: $k) {
    title
  }
}
",
  },
}
`;

exports[`codegen codegen 2`] = `
"/* tslint:disable */
//  This file was automatically generated and should not be edited.

export interface FilmsQueryVariables {
  k: string,
}

export interface FilmsQuery {
  film:  {
    // The title of this film.
    title: string | null,
  } | null,
}

export interface Spec<Result extends object, Input extends object> {
  query: string
  result?: Result
  variables?: Input
}

declare const Dummy: Spec<FilmsQuery, FilmsQueryVariables>
export default Dummy
"
`;

exports[`codegen codegen with default export 1`] = `
Object {
  "__esModule": true,
  "default": Object {
    "__esModule": true,
    "default": Object {
      "query": "query Films($k: ID!) {
  film(id: $k) {
    title
  }
}
",
    },
  },
}
`;

exports[`codegen codegen with default export 2`] = `
"/* tslint:disable */
//  This file was automatically generated and should not be edited.

export interface FilmsQueryVariables {
  k: string,
}

export interface FilmsQuery {
  film:  {
    // The title of this film.
    title: string | null,
  } | null,
}

export interface Spec<Result extends object, Input extends object> {
  query: string
  result?: Result
  variables?: Input
}

declare const Dummy: Spec<FilmsQuery, FilmsQueryVariables>
export default Dummy
"
`;
